// Jest Snapshot v1, https://goo.gl/fbAQLP

exports[`a página de configuração deve ser renderizada corretamente 1`] = `
<div>
  <article>
    <section />
    <section>
      <form>
        <p>
          Vamos Começar!
        </p>
        <input
          placeholder="Insira os nomes dos participantes"
          type="text"
          value=""
        />
        <button
          disabled=""
        >
          Adicionar
        </button>
        
      </form>
    </section>
  </article>
  <ul />
  <footer>
    <button
      disabled=""
    >
      Sortear
    </button>
  </footer>
</div>
`;
